{"sessionId":"0c74b2","runId":"initial","hypothesisId":"H1_H3","location":"MapInfoDetailContainer.InitMapInfoDetail","message":"InitMapInfoDetail entered","data":{"instanceId":114342,"gameObject":"MapInfoDetailContainer","activeInHierarchy":true},"timestamp":1776313364242}
{"sessionId":"0c74b2","runId":"initial","hypothesisId":"H2","location":"MapInfoDetailItem.ctor","message":"MapInfoDetailItem node/component lookup","data":{"itemName":"TerrainType","itemTransformNull":false,"infoNull":false},"timestamp":1776313364243}
{"sessionId":"0c74b2","runId":"initial","hypothesisId":"H2","location":"MapInfoDetailItem.ctor","message":"MapInfoDetailItem node/component lookup","data":{"itemName":"MoistureType","itemTransformNull":false,"infoNull":false},"timestamp":1776313364244}
{"sessionId":"0c74b2","runId":"initial","hypothesisId":"H2","location":"MapInfoDetailItem.ctor","message":"MapInfoDetailItem node/component lookup","data":{"itemName":"PlantType","itemTransformNull":false,"infoNull":false},"timestamp":1776313364244}
{"sessionId":"0c74b2","runId":"initial","hypothesisId":"H2","location":"MapInfoDetailItem.ctor","message":"MapInfoDetailItem node/component lookup","data":{"itemName":"DangerType","itemTransformNull":false,"infoNull":false},"timestamp":1776313364245}
{"sessionId":"0c74b2","runId":"initial","hypothesisId":"H2","location":"MapInfoDetailContainer.InitMapInfoDetail","message":"MapInfoDetailItem initialization results","data":{"terrainInfoNull":false,"moistureInfoNull":false,"plantInfoNull":false,"dangerInfoNull":false},"timestamp":1776313364245}
{"sessionId":"0c74b2","runId":"initial","hypothesisId":"H1_H3","location":"MapInfoDetailContainer.InitMapInfoDetail","message":"InitMapInfoDetail entered","data":{"instanceId":225254,"gameObject":"MapInfoDetailContainer","activeInHierarchy":true},"timestamp":1776313367184}
{"sessionId":"0c74b2","runId":"initial","hypothesisId":"H2","location":"MapInfoDetailItem.ctor","message":"MapInfoDetailItem node/component lookup","data":{"itemName":"TerrainType","itemTransformNull":false,"infoNull":false},"timestamp":1776313367184}
{"sessionId":"0c74b2","runId":"initial","hypothesisId":"H2","location":"MapInfoDetailItem.ctor","message":"MapInfoDetailItem node/component lookup","data":{"itemName":"MoistureType","itemTransformNull":false,"infoNull":false},"timestamp":1776313367185}
{"sessionId":"0c74b2","runId":"initial","hypothesisId":"H2","location":"MapInfoDetailItem.ctor","message":"MapInfoDetailItem node/component lookup","data":{"itemName":"PlantType","itemTransformNull":false,"infoNull":false},"timestamp":1776313367185}
{"sessionId":"0c74b2","runId":"initial","hypothesisId":"H2","location":"MapInfoDetailItem.ctor","message":"MapInfoDetailItem node/component lookup","data":{"itemName":"DangerType","itemTransformNull":false,"infoNull":false},"timestamp":1776313367185}
{"sessionId":"0c74b2","runId":"initial","hypothesisId":"H2","location":"MapInfoDetailContainer.InitMapInfoDetail","message":"MapInfoDetailItem initialization results","data":{"terrainInfoNull":false,"moistureInfoNull":false,"plantInfoNull":false,"dangerInfoNull":false},"timestamp":1776313367186}
{"sessionId":"0c74b2","runId":"initial","hypothesisId":"H1_H3","location":"MapInfoDetailContainer.InitMapInfoDetail","message":"InitMapInfoDetail entered","data":{"instanceId":114342,"gameObject":"MapInfoDetailContainer","activeInHierarchy":true},"timestamp":1776313385571}
{"sessionId":"0c74b2","runId":"initial","hypothesisId":"H2","location":"MapInfoDetailItem.ctor","message":"MapInfoDetailItem node/component lookup","data":{"itemName":"TerrainType","itemTransformNull":false,"infoNull":false},"timestamp":1776313385573}
{"sessionId":"0c74b2","runId":"initial","hypothesisId":"H2","location":"MapInfoDetailItem.ctor","message":"MapInfoDetailItem node/component lookup","data":{"itemName":"MoistureType","itemTransformNull":false,"infoNull":false},"timestamp":1776313385573}
{"sessionId":"0c74b2","runId":"initial","hypothesisId":"H2","location":"MapInfoDetailItem.ctor","message":"MapInfoDetailItem node/component lookup","data":{"itemName":"PlantType","itemTransformNull":false,"infoNull":false},"timestamp":1776313385574}
{"sessionId":"0c74b2","runId":"initial","hypothesisId":"H2","location":"MapInfoDetailItem.ctor","message":"MapInfoDetailItem node/component lookup","data":{"itemName":"DangerType","itemTransformNull":false,"infoNull":false},"timestamp":1776313385574}
{"sessionId":"0c74b2","runId":"initial","hypothesisId":"H2","location":"MapInfoDetailContainer.InitMapInfoDetail","message":"MapInfoDetailItem initialization results","data":{"terrainInfoNull":false,"moistureInfoNull":false,"plantInfoNull":false,"dangerInfoNull":false},"timestamp":1776313385574}
{"sessionId":"0c74b2","runId":"initial","hypothesisId":"H1_H3","location":"MapInfoDetailContainer.InitMapInfoDetail","message":"InitMapInfoDetail entered","data":{"instanceId":227372,"gameObject":"MapInfoDetailContainer","activeInHierarchy":true},"timestamp":1776313388395}
{"sessionId":"0c74b2","runId":"initial","hypothesisId":"H2","location":"MapInfoDetailItem.ctor","message":"MapInfoDetailItem node/component lookup","data":{"itemName":"TerrainType","itemTransformNull":false,"infoNull":false},"timestamp":1776313388396}
{"sessionId":"0c74b2","runId":"initial","hypothesisId":"H2","location":"MapInfoDetailItem.ctor","message":"MapInfoDetailItem node/component lookup","data":{"itemName":"MoistureType","itemTransformNull":false,"infoNull":false},"timestamp":1776313388396}
{"sessionId":"0c74b2","runId":"initial","hypothesisId":"H2","location":"MapInfoDetailItem.ctor","message":"MapInfoDetailItem node/component lookup","data":{"itemName":"PlantType","itemTransformNull":false,"infoNull":false},"timestamp":1776313388396}
{"sessionId":"0c74b2","runId":"initial","hypothesisId":"H2","location":"MapInfoDetailItem.ctor","message":"MapInfoDetailItem node/component lookup","data":{"itemName":"DangerType","itemTransformNull":false,"infoNull":false},"timestamp":1776313388396}
{"sessionId":"0c74b2","runId":"initial","hypothesisId":"H2","location":"MapInfoDetailContainer.InitMapInfoDetail","message":"MapInfoDetailItem initialization results","data":{"terrainInfoNull":false,"moistureInfoNull":false,"plantInfoNull":false,"dangerInfoNull":false},"timestamp":1776313388397}
